0 verbose cli C:\Program Files\nodejs\node.exe C:\Program Files\nodejs\node_modules\npm\bin\npm-cli.js
1 info using npm@11.6.2
2 info using node@v24.13.0
3 silly config load:file:C:\Program Files\nodejs\node_modules\npm\npmrc
4 silly config load:file:C:\APP\Lunatierra\frontend\.npmrc
5 silly config load:file:C:\Users\abdia\.npmrc
6 silly config load:file:C:\Users\abdia\AppData\Roaming\npm\etc\npmrc
7 verbose title npm install
8 verbose argv "install" "--cache" ".npm-cache"
9 verbose logfile logs-max:10 dir:C:\APP\Lunatierra\frontend\.npm-cache\_logs\2026-03-18T07_08_08_484Z-
10 verbose logfile C:\APP\Lunatierra\frontend\.npm-cache\_logs\2026-03-18T07_08_08_484Z-debug-0.log
11 silly logfile done cleaning log files
12 silly packumentCache heap:4496293888 maxSize:1124073472 maxEntrySize:562036736
13 silly idealTree buildDeps
14 silly fetch manifest react-router-dom@^7.8.2
15 silly packumentCache full:https://registry.npmjs.org/react-router-dom cache-miss
16 http fetch GET 200 https://registry.npmjs.org/react-router-dom 437ms (cache miss)
17 silly packumentCache full:https://registry.npmjs.org/react-router-dom set size:undefined disposed:false
18 silly fetch manifest react@^18.3.1
19 silly packumentCache full:https://registry.npmjs.org/react cache-miss
20 http fetch GET 200 https://registry.npmjs.org/react 119ms (cache revalidated)
21 silly packumentCache full:https://registry.npmjs.org/react set size:6547508 disposed:false
22 silly fetch manifest react-dom@^18.3.1
23 silly packumentCache full:https://registry.npmjs.org/react-dom cache-miss
24 http fetch GET 200 https://registry.npmjs.org/react-dom 112ms (cache revalidated)
25 silly packumentCache full:https://registry.npmjs.org/react-dom set size:8691986 disposed:false
26 silly placeDep ROOT react-router-dom@7.13.1 OK for: lunatierra-frontend@0.0.0 want: ^7.8.2
27 silly fetch manifest react-router@7.13.1
28 silly packumentCache full:https://registry.npmjs.org/react-router cache-miss
29 http fetch GET 200 https://registry.npmjs.org/react-router 126ms (cache miss)
30 silly packumentCache full:https://registry.npmjs.org/react-router set size:undefined disposed:false
31 silly fetch manifest react@>=18
32 silly packumentCache full:https://registry.npmjs.org/react cache-miss
33 http cache https://registry.npmjs.org/react 25ms (cache hit)
34 silly packumentCache full:https://registry.npmjs.org/react set size:6547508 disposed:false
35 silly fetch manifest react-dom@>=18
36 silly packumentCache full:https://registry.npmjs.org/react-dom cache-miss
37 http cache https://registry.npmjs.org/react-dom 25ms (cache hit)
38 silly packumentCache full:https://registry.npmjs.org/react-dom set size:8691986 disposed:false
39 silly placeDep ROOT react-router@7.13.1 OK for: react-router-dom@7.13.1 want: 7.13.1
40 silly fetch manifest cookie@^1.0.1
41 silly packumentCache full:https://registry.npmjs.org/cookie cache-miss
42 silly fetch manifest set-cookie-parser@^2.6.0
43 silly packumentCache full:https://registry.npmjs.org/set-cookie-parser cache-miss
44 http fetch GET 200 https://registry.npmjs.org/cookie 76ms (cache miss)
45 silly packumentCache full:https://registry.npmjs.org/cookie set size:undefined disposed:false
46 http fetch GET 200 https://registry.npmjs.org/set-cookie-parser 195ms (cache miss)
47 silly packumentCache full:https://registry.npmjs.org/set-cookie-parser set size:undefined disposed:false
48 silly placeDep ROOT cookie@1.1.1 OK for: react-router@7.13.1 want: ^1.0.1
49 silly placeDep ROOT set-cookie-parser@2.7.2 OK for: react-router@7.13.1 want: ^2.6.0
50 silly reify moves {}
51 silly audit bulk request {
51 silly audit   '@alloc/quick-lru': [ '5.2.0' ],
51 silly audit   '@babel/code-frame': [ '7.29.0' ],
51 silly audit   '@babel/compat-data': [ '7.29.0' ],
51 silly audit   '@babel/core': [ '7.29.0' ],
51 silly audit   '@babel/generator': [ '7.29.1' ],
51 silly audit   '@babel/helper-compilation-targets': [ '7.28.6' ],
51 silly audit   '@babel/helper-globals': [ '7.28.0' ],
51 silly audit   '@babel/helper-module-imports': [ '7.28.6' ],
51 silly audit   '@babel/helper-module-transforms': [ '7.28.6' ],
51 silly audit   '@babel/helper-plugin-utils': [ '7.28.6' ],
51 silly audit   '@babel/helper-string-parser': [ '7.27.1' ],
51 silly audit   '@babel/helper-validator-identifier': [ '7.28.5' ],
51 silly audit   '@babel/helper-validator-option': [ '7.27.1' ],
51 silly audit   '@babel/helpers': [ '7.29.2' ],
51 silly audit   '@babel/parser': [ '7.29.2' ],
51 silly audit   '@babel/plugin-transform-react-jsx-self': [ '7.27.1' ],
51 silly audit   '@babel/plugin-transform-react-jsx-source': [ '7.27.1' ],
51 silly audit   '@babel/runtime': [ '7.29.2' ],
51 silly audit   '@babel/template': [ '7.28.6' ],
51 silly audit   '@babel/traverse': [ '7.29.0' ],
51 silly audit   '@babel/types': [ '7.29.0' ],
51 silly audit   '@esbuild/aix-ppc64': [ '0.25.12' ],
51 silly audit   '@esbuild/android-arm': [ '0.25.12' ],
51 silly audit   '@esbuild/android-arm64': [ '0.25.12' ],
51 silly audit   '@esbuild/android-x64': [ '0.25.12' ],
51 silly audit   '@esbuild/darwin-arm64': [ '0.25.12' ],
51 silly audit   '@esbuild/darwin-x64': [ '0.25.12' ],
51 silly audit   '@esbuild/freebsd-arm64': [ '0.25.12' ],
51 silly audit   '@esbuild/freebsd-x64': [ '0.25.12' ],
51 silly audit   '@esbuild/linux-arm': [ '0.25.12' ],
51 silly audit   '@esbuild/linux-arm64': [ '0.25.12' ],
51 silly audit   '@esbuild/linux-ia32': [ '0.25.12' ],
51 silly audit   '@esbuild/linux-loong64': [ '0.25.12' ],
51 silly audit   '@esbuild/linux-mips64el': [ '0.25.12' ],
51 silly audit   '@esbuild/linux-ppc64': [ '0.25.12' ],
51 silly audit   '@esbuild/linux-riscv64': [ '0.25.12' ],
51 silly audit   '@esbuild/linux-s390x': [ '0.25.12' ],
51 silly audit   '@esbuild/linux-x64': [ '0.25.12' ],
51 silly audit   '@esbuild/netbsd-arm64': [ '0.25.12' ],
51 silly audit   '@esbuild/netbsd-x64': [ '0.25.12' ],
51 silly audit   '@esbuild/openbsd-arm64': [ '0.25.12' ],
51 silly audit   '@esbuild/openbsd-x64': [ '0.25.12' ],
51 silly audit   '@esbuild/openharmony-arm64': [ '0.25.12' ],
51 silly audit   '@esbuild/sunos-x64': [ '0.25.12' ],
51 silly audit   '@esbuild/win32-arm64': [ '0.25.12' ],
51 silly audit   '@esbuild/win32-ia32': [ '0.25.12' ],
51 silly audit   '@esbuild/win32-x64': [ '0.25.12' ],
51 silly audit   '@jridgewell/gen-mapping': [ '0.3.13' ],
51 silly audit   '@jridgewell/remapping': [ '2.3.5' ],
51 silly audit   '@jridgewell/resolve-uri': [ '3.1.2' ],
51 silly audit   '@jridgewell/sourcemap-codec': [ '1.5.5' ],
51 silly audit   '@jridgewell/trace-mapping': [ '0.3.31' ],
51 silly audit   '@nodelib/fs.scandir': [ '2.1.5' ],
51 silly audit   '@nodelib/fs.stat': [ '2.0.5' ],
51 silly audit   '@nodelib/fs.walk': [ '1.2.8' ],
51 silly audit   '@rolldown/pluginutils': [ '1.0.0-beta.27' ],
51 silly audit   '@rollup/rollup-android-arm-eabi': [ '4.59.0' ],
51 silly audit   '@rollup/rollup-android-arm64': [ '4.59.0' ],
51 silly audit   '@rollup/rollup-darwin-arm64': [ '4.59.0' ],
51 silly audit   '@rollup/rollup-darwin-x64': [ '4.59.0' ],
51 silly audit   '@rollup/rollup-freebsd-arm64': [ '4.59.0' ],
51 silly audit   '@rollup/rollup-freebsd-x64': [ '4.59.0' ],
51 silly audit   '@rollup/rollup-linux-arm-gnueabihf': [ '4.59.0' ],
51 silly audit   '@rollup/rollup-linux-arm-musleabihf': [ '4.59.0' ],
51 silly audit   '@rollup/rollup-linux-arm64-gnu': [ '4.59.0' ],
51 silly audit   '@rollup/rollup-linux-arm64-musl': [ '4.59.0' ],
51 silly audit   '@rollup/rollup-linux-loong64-gnu': [ '4.59.0' ],
51 silly audit   '@rollup/rollup-linux-loong64-musl': [ '4.59.0' ],
51 silly audit   '@rollup/rollup-linux-ppc64-gnu': [ '4.59.0' ],
51 silly audit   '@rollup/rollup-linux-ppc64-musl': [ '4.59.0' ],
51 silly audit   '@rollup/rollup-linux-riscv64-gnu': [ '4.59.0' ],
51 silly audit   '@rollup/rollup-linux-riscv64-musl': [ '4.59.0' ],
51 silly audit   '@rollup/rollup-linux-s390x-gnu': [ '4.59.0' ],
51 silly audit   '@rollup/rollup-linux-x64-gnu': [ '4.59.0' ],
51 silly audit   '@rollup/rollup-linux-x64-musl': [ '4.59.0' ],
51 silly audit   '@rollup/rollup-openbsd-x64': [ '4.59.0' ],
51 silly audit   '@rollup/rollup-openharmony-arm64': [ '4.59.0' ],
51 silly audit   '@rollup/rollup-win32-arm64-msvc': [ '4.59.0' ],
51 silly audit   '@rollup/rollup-win32-ia32-msvc': [ '4.59.0' ],
51 silly audit   '@rollup/rollup-win32-x64-gnu': [ '4.59.0' ],
51 silly audit   '@rollup/rollup-win32-x64-msvc': [ '4.59.0' ],
51 silly audit   '@types/babel__core': [ '7.20.5' ],
51 silly audit   '@types/babel__generator': [ '7.27.0' ],
51 silly audit   '@types/babel__template': [ '7.4.4' ],
51 silly audit   '@types/babel__traverse': [ '7.28.0' ],
51 silly audit   '@types/estree': [ '1.0.8' ],
51 silly audit   '@vitejs/plugin-react': [ '4.7.0' ],
51 silly audit   'any-promise': [ '1.3.0' ],
51 silly audit   anymatch: [ '3.1.3' ],
51 silly audit   arg: [ '5.0.2' ],
51 silly audit   autoprefixer: [ '10.4.27' ],
51 silly audit   'baseline-browser-mapping': [ '2.10.8' ],
51 silly audit   'binary-extensions': [ '2.3.0' ],
51 silly audit   braces: [ '3.0.3' ],
51 silly audit   browserslist: [ '4.28.1' ],
51 silly audit   'camelcase-css': [ '2.0.1' ],
51 silly audit   'caniuse-lite': [ '1.0.30001780' ],
51 silly audit   chokidar: [ '3.6.0' ],
51 silly audit   'glob-parent': [ '5.1.2', '6.0.2' ],
51 silly audit   commander: [ '4.1.1' ],
51 silly audit   'convert-source-map': [ '2.0.0' ],
51 silly audit   cssesc: [ '3.0.0' ],
51 silly audit   debug: [ '4.4.3' ],
51 silly audit   didyoumean: [ '1.2.2' ],
51 silly audit   dlv: [ '1.1.3' ],
51 silly audit   'electron-to-chromium': [ '1.5.313' ],
51 silly audit   esbuild: [ '0.25.12' ],
51 silly audit   escalade: [ '3.2.0' ],
51 silly audit   'fast-glob': [ '3.3.3' ],
51 silly audit   fastq: [ '1.20.1' ],
51 silly audit   'fill-range': [ '7.1.1' ],
51 silly audit   'fraction.js': [ '5.3.4' ],
51 silly audit   fsevents: [ '2.3.3' ],
51 silly audit   'function-bind': [ '1.1.2' ],
51 silly audit   gensync: [ '1.0.0-beta.2' ],
51 silly audit   hasown: [ '2.0.2' ],
51 silly audit   'html-parse-stringify': [ '3.0.1' ],
51 silly audit   i18next: [ '25.8.18' ],
51 silly audit   'is-binary-path': [ '2.1.0' ],
51 silly audit   'is-core-module': [ '2.16.1' ],
51 silly audit   'is-extglob': [ '2.1.1' ],
51 silly audit   'is-glob': [ '4.0.3' ],
51 silly audit   'is-number': [ '7.0.0' ],
51 silly audit   jiti: [ '1.21.7' ],
51 silly audit   'js-tokens': [ '4.0.0' ],
51 silly audit   jsesc: [ '3.1.0' ],
51 silly audit   json5: [ '2.2.3' ],
51 silly audit   lilconfig: [ '3.1.3' ],
51 silly audit   'lines-and-columns': [ '1.2.4' ],
51 silly audit   'loose-envify': [ '1.4.0' ],
51 silly audit   'lru-cache': [ '5.1.1' ],
51 silly audit   merge2: [ '1.4.1' ],
51 silly audit   micromatch: [ '4.0.8' ],
51 silly audit   ms: [ '2.1.3' ],
51 silly audit   mz: [ '2.7.0' ],
51 silly audit   nanoid: [ '3.3.11' ],
51 silly audit   'node-releases': [ '2.0.36' ],
51 silly audit   'normalize-path': [ '3.0.0' ],
51 silly audit   'object-assign': [ '4.1.1' ],
51 silly audit   'object-hash': [ '3.0.0' ],
51 silly audit   'path-parse': [ '1.0.7' ],
51 silly audit   picocolors: [ '1.1.1' ],
51 silly audit   picomatch: [ '2.3.1', '4.0.3' ],
51 silly audit   pify: [ '2.3.0' ],
51 silly audit   pirates: [ '4.0.7' ],
51 silly audit   postcss: [ '8.5.8' ],
51 silly audit   'postcss-import': [ '15.1.0' ],
51 silly audit   'postcss-js': [ '4.1.0' ],
51 silly audit   'postcss-load-config': [ '6.0.1' ],
51 silly audit   'postcss-nested': [ '6.2.0' ],
51 silly audit   'postcss-selector-parser': [ '6.1.2' ],
51 silly audit   'postcss-value-parser': [ '4.2.0' ],
51 silly audit   'queue-microtask': [ '1.2.3' ],
51 silly audit   react: [ '18.3.1' ],
51 silly audit   'react-dom': [ '18.3.1' ],
51 silly audit   'react-i18next': [ '15.7.4' ],
51 silly audit   'react-refresh': [ '0.17.0' ],
51 silly audit   'read-cache': [ '1.0.0' ],
51 silly audit   readdirp: [ '3.6.0' ],
51 silly audit   resolve: [ '1.22.11' ],
51 silly audit   reusify: [ '1.1.0' ],
51 silly audit   rollup: [ '4.59.0' ],
51 silly audit   'run-parallel': [ '1.2.0' ],
51 silly audit   scheduler: [ '0.23.2' ],
51 silly audit   semver: [ '6.3.1' ],
51 silly audit   'source-map-js': [ '1.2.1' ],
51 silly audit   sucrase: [ '3.35.1' ],
51 silly audit   'supports-preserve-symlinks-flag': [ '1.0.0' ],
51 silly audit   tailwindcss: [ '3.4.19' ],
51 silly audit   thenify: [ '3.3.1' ],
51 silly audit   'thenify-all': [ '1.6.0' ],
51 silly audit   tinyglobby: [ '0.2.15' ],
51 silly audit   fdir: [ '6.5.0' ],
51 silly audit   'to-regex-range': [ '5.0.1' ],
51 silly audit   'ts-interface-checker': [ '0.1.13' ],
51 silly audit   'update-browserslist-db': [ '1.2.3' ],
51 silly audit   'util-deprecate': [ '1.0.2' ],
51 silly audit   vite: [ '6.4.1' ],
51 silly audit   'void-elements': [ '3.1.0' ],
51 silly audit   yallist: [ '3.1.1' ],
51 silly audit   'react-router-dom': [ '7.13.1' ],
51 silly audit   'react-router': [ '7.13.1' ],
51 silly audit   cookie: [ '1.1.1' ],
51 silly audit   'set-cookie-parser': [ '2.7.2' ]
51 silly audit }
52 http cache set-cookie-parser@https://registry.npmjs.org/set-cookie-parser/-/set-cookie-parser-2.7.2.tgz 0ms (cache hit)
53 http cache cookie@https://registry.npmjs.org/cookie/-/cookie-1.1.1.tgz 0ms (cache hit)
54 silly tarball no local data for set-cookie-parser@https://registry.npmjs.org/set-cookie-parser/-/set-cookie-parser-2.7.2.tgz. Extracting by manifest.
55 http cache react-router@https://registry.npmjs.org/react-router/-/react-router-7.13.1.tgz 0ms (cache hit)
56 http cache react-router-dom@https://registry.npmjs.org/react-router-dom/-/react-router-dom-7.13.1.tgz 0ms (cache hit)
57 silly tarball no local data for cookie@https://registry.npmjs.org/cookie/-/cookie-1.1.1.tgz. Extracting by manifest.
58 silly tarball no local data for react-router@https://registry.npmjs.org/react-router/-/react-router-7.13.1.tgz. Extracting by manifest.
59 silly tarball no local data for react-router-dom@https://registry.npmjs.org/react-router-dom/-/react-router-dom-7.13.1.tgz. Extracting by manifest.
60 http fetch GET 200 https://registry.npmjs.org/set-cookie-parser/-/set-cookie-parser-2.7.2.tgz 79ms (cache miss)
61 http fetch POST 200 https://registry.npmjs.org/-/npm/v1/security/advisories/bulk 157ms
62 silly audit report {}
63 http fetch GET 200 https://registry.npmjs.org/react-router-dom/-/react-router-dom-7.13.1.tgz 195ms (cache miss)
64 http fetch GET 200 https://registry.npmjs.org/cookie/-/cookie-1.1.1.tgz 212ms (cache miss)
65 http fetch GET 200 https://registry.npmjs.org/react-router/-/react-router-7.13.1.tgz 817ms (cache miss)
66 silly ADD node_modules/set-cookie-parser
67 silly ADD node_modules/cookie
68 silly ADD node_modules/react-router
69 silly ADD node_modules/react-router-dom
70 verbose cwd C:\APP\Lunatierra\frontend
71 verbose os Windows_NT 10.0.26200
72 verbose node v24.13.0
73 verbose npm  v11.6.2
74 verbose exit 0
75 info ok
